../Core/Src/main.c:89:1:__io_putchar	16	static
../Core/Src/main.c:136:5:main	8	static
../Core/Src/main.c:254:6:SystemClock_Config	88	static
../Core/Src/main.c:301:13:MX_LPUART1_UART_Init	8	static
../Core/Src/main.c:348:13:MX_TIM1_Init	104	static
../Core/Src/main.c:425:13:MX_TIM2_Init	40	static
../Core/Src/main.c:470:13:MX_TIM16_Init	88	static
../Core/Src/main.c:533:13:MX_GPIO_Init	48	static
../Core/Src/main.c:616:6:ajustePWM	4	static
../Core/Src/main.c:619:6:IR_esquerdo_func	4	static
../Core/Src/main.c:631:7:IR_direito_func	4	static
../Core/Src/main.c:642:6:IR_frente_esquerda_func	4	static
../Core/Src/main.c:653:6:IR_frente_direita_func	4	static
../Core/Src/main.c:664:6:CallBack_PC10	4	static
../Core/Src/main.c:668:6:CallBack_PB7	4	static
../Core/Src/main.c:673:6:CallBack_ExtePC13	8	static
../Core/Src/main.c:681:5:increasePWM	24	static
../Core/Src/main.c:688:5:decreasePWM	24	static
../Core/Src/main.c:695:5:increasePWMESQ	24	static
../Core/Src/main.c:702:5:decreasePWMDIR	24	static
../Core/Src/main.c:713:6:stopRobot	8	static
../Core/Src/main.c:730:6:backwardsRobot	8	static
../Core/Src/main.c:745:6:fowardRobot	8	static
../Core/Src/main.c:762:6:turnRight	8	static
../Core/Src/main.c:778:6:turnLeft	8	static
../Core/Src/main.c:796:6:movimento_curvaCompletaEsquerda	8	static
../Core/Src/main.c:832:6:movimento_curvaCompletaDireita	8	static
../Core/Src/main.c:867:6:disableIRs	8	static
../Core/Src/main.c:879:6:enableIRs	8	static
../Core/Src/main.c:893:6:vira_direita	24	static
../Core/Src/main.c:919:6:vira_esquerda	24	static
../Core/Src/main.c:943:6:verifica_vira_esquerda	16	static
../Core/Src/main.c:954:6:verifica_vira_direita	16	static
../Core/Src/main.c:966:6:StartDefaultTask	16	static
../Core/Src/main.c:1065:6:StartTask02	16	static
../Core/Src/main.c:1083:6:StartTask03	16	static
../Core/Src/main.c:1099:6:StartTask04	16	static
../Core/Src/main.c:1120:6:HAL_TIM_PeriodElapsedCallback	16	static
../Core/Src/main.c:1135:6:HAL_GPIO_EXTI_Callback	16	static
../Core/Src/main.c:1167:6:Error_Handler	4	static,ignoring_inline_asm
