../Core/Src/main.c:91:1:__io_putchar	16	static
../Core/Src/main.c:138:5:main	8	static
../Core/Src/main.c:260:6:SystemClock_Config	88	static
../Core/Src/main.c:307:13:MX_LPUART1_UART_Init	8	static
../Core/Src/main.c:354:13:MX_TIM1_Init	104	static
../Core/Src/main.c:431:13:MX_TIM2_Init	40	static
../Core/Src/main.c:476:13:MX_TIM16_Init	88	static
../Core/Src/main.c:539:13:MX_GPIO_Init	48	static
../Core/Src/main.c:639:6:ajustePWM	4	static
../Core/Src/main.c:645:6:play_tone	32	static
../Core/Src/main.c:663:6:IR_esquerdo_func	4	static
../Core/Src/main.c:674:7:IR_direito_func	4	static
../Core/Src/main.c:684:6:IR_frente_esquerda_func	4	static
../Core/Src/main.c:694:6:IR_frente_direita_func	4	static
../Core/Src/main.c:705:6:CallBack_PC10	4	static
../Core/Src/main.c:709:6:CallBack_PB7	4	static
../Core/Src/main.c:714:6:CallBack_ExtePC13	8	static
../Core/Src/main.c:722:5:increasePWM	24	static
../Core/Src/main.c:729:5:decreasePWM	24	static
../Core/Src/main.c:736:5:increasePWMESQ	24	static
../Core/Src/main.c:743:5:decreasePWMDIR	24	static
../Core/Src/main.c:752:6:stopRobot	8	static
../Core/Src/main.c:760:6:backwardsRobot	8	static
../Core/Src/main.c:768:6:fowardRobot	8	static
../Core/Src/main.c:775:6:turnRight	8	static
../Core/Src/main.c:782:6:turnLeft	8	static
../Core/Src/main.c:790:6:movimento_curvaCompletaEsquerda	8	static
../Core/Src/main.c:816:6:movimento_curvaCompletaDireita	8	static
../Core/Src/main.c:844:6:disableIRs	8	static
../Core/Src/main.c:853:6:enableIRs	8	static
../Core/Src/main.c:861:6:vira_direita	24	static
../Core/Src/main.c:877:6:vira_esquerda	24	static
../Core/Src/main.c:892:6:verifica_vira_esquerda	16	static
../Core/Src/main.c:898:6:verifica_vira_direita	16	static
../Core/Src/main.c:913:6:StartDefaultTask	16	static
../Core/Src/main.c:921:6:StartTask02	16	static
../Core/Src/main.c:932:6:StartTask03	16	static
../Core/Src/main.c:935:6:StartTask04	16	static
../Core/Src/main.c:948:6:HAL_TIM_PeriodElapsedCallback	16	static
../Core/Src/main.c:963:6:HAL_GPIO_EXTI_Callback	16	static
../Core/Src/main.c:995:6:Error_Handler	4	static,ignoring_inline_asm
