../Core/Src/main.c:85:1:__io_putchar	16	static
../Core/Src/main.c:132:5:main	8	static
../Core/Src/main.c:246:6:SystemClock_Config	88	static
../Core/Src/main.c:292:13:MX_LPUART1_UART_Init	8	static
../Core/Src/main.c:338:13:MX_TIM1_Init	104	static
../Core/Src/main.c:414:13:MX_TIM2_Init	40	static
../Core/Src/main.c:458:13:MX_TIM16_Init	88	static
../Core/Src/main.c:520:13:MX_GPIO_Init	48	static
../Core/Src/main.c:603:6:ajustePWM	4	static
../Core/Src/main.c:607:6:IR_esquerdo_func	4	static
../Core/Src/main.c:621:6:IR_direito_func	4	static
../Core/Src/main.c:635:6:IR_frente_esquerda_func	4	static
../Core/Src/main.c:649:6:IR_frente_direita_func	4	static
../Core/Src/main.c:663:6:CallBack_PC10	4	static
../Core/Src/main.c:668:6:CallBack_PB7	4	static
../Core/Src/main.c:673:6:CallBack_ExtePC13	8	static
../Core/Src/main.c:680:5:increasePWM	24	static
../Core/Src/main.c:690:5:decreasePWM	24	static
../Core/Src/main.c:700:5:increasePWMESQ	24	static
../Core/Src/main.c:710:5:decreasePWMDIR	24	static
../Core/Src/main.c:724:6:stopRobot	8	static
../Core/Src/main.c:742:6:backwardRobot	8	static
../Core/Src/main.c:759:6:fowardRobot	8	static
../Core/Src/main.c:776:6:turnRight	8	static
../Core/Src/main.c:793:6:turnLeft	8	static
../Core/Src/main.c:812:6:movimento_curvaCompletaEsquerda	8	static
../Core/Src/main.c:850:6:movimento_curvaCompletaDireita	8	static
../Core/Src/main.c:887:6:disableIRs	8	static
../Core/Src/main.c:900:6:enableIRs	8	static
../Core/Src/main.c:915:6:vira_direita	24	static
../Core/Src/main.c:942:6:vira_esquerda	24	static
../Core/Src/main.c:967:6:verifica_esquerda_vira_direita	16	static
../Core/Src/main.c:980:6:verifica_direita_vira_esquerda	16	static
../Core/Src/main.c:995:5:decide_rotacao	16	static
../Core/Src/main.c:1024:6:atualizar_estado_atual	16	static
../Core/Src/main.c:1038:6:StartDefaultTask	64	static
../Core/Src/main.c:1175:6:StartTask02	16	static
../Core/Src/main.c:1193:10:StartTask03	16	static
../Core/Src/main.c:1210:10:StartTask04	16	static
../Core/Src/main.c:1231:6:HAL_TIM_PeriodElapsedCallback	16	static
../Core/Src/main.c:1248:6:HAL_GPIO_EXTI_Callback	16	static
../Core/Src/main.c:1286:6:Error_Handler	4	static,ignoring_inline_asm
