../Core/Src/main.c:89:1:__io_putchar	16	static
../Core/Src/main.c:136:5:main	8	static
../Core/Src/main.c:254:6:SystemClock_Config	88	static
../Core/Src/main.c:301:13:MX_LPUART1_UART_Init	8	static
../Core/Src/main.c:348:13:MX_TIM1_Init	104	static
../Core/Src/main.c:425:13:MX_TIM2_Init	40	static
../Core/Src/main.c:470:13:MX_TIM16_Init	88	static
../Core/Src/main.c:533:13:MX_GPIO_Init	48	static
../Core/Src/main.c:631:6:play_tone	32	static
../Core/Src/main.c:649:6:ajustePWM	4	static
../Core/Src/main.c:652:6:IR_esquerdo_func	4	static
../Core/Src/main.c:664:7:IR_direito_func	4	static
../Core/Src/main.c:675:6:IR_frente_esquerda_func	4	static
../Core/Src/main.c:686:6:IR_frente_direita_func	4	static
../Core/Src/main.c:697:6:CallBack_PC10	4	static
../Core/Src/main.c:701:6:CallBack_PB7	4	static
../Core/Src/main.c:706:6:CallBack_ExtePC13	8	static
../Core/Src/main.c:714:5:increasePWM	24	static
../Core/Src/main.c:721:5:decreasePWM	24	static
../Core/Src/main.c:728:5:increasePWMESQ	24	static
../Core/Src/main.c:735:5:decreasePWMDIR	24	static
../Core/Src/main.c:746:6:stopRobot	8	static
../Core/Src/main.c:763:6:backwardsRobot	8	static
../Core/Src/main.c:778:6:fowardRobot	8	static
../Core/Src/main.c:795:6:turnRight	8	static
../Core/Src/main.c:811:6:turnLeft	8	static
../Core/Src/main.c:829:6:movimento_curvaCompletaEsquerda	8	static
../Core/Src/main.c:865:6:movimento_curvaCompletaDireita	8	static
../Core/Src/main.c:900:6:disableIRs	8	static
../Core/Src/main.c:912:6:enableIRs	8	static
../Core/Src/main.c:926:6:vira_direita	24	static
../Core/Src/main.c:952:6:vira_esquerda	24	static
../Core/Src/main.c:976:6:verifica_vira_esquerda	16	static
../Core/Src/main.c:987:6:verifica_vira_direita	16	static
../Core/Src/main.c:999:6:StartDefaultTask	16	static
../Core/Src/main.c:1108:6:StartTask02	16	static
../Core/Src/main.c:1133:6:StartTask03	16	static
../Core/Src/main.c:1149:6:StartTask04	16	static
../Core/Src/main.c:1170:6:HAL_TIM_PeriodElapsedCallback	16	static
../Core/Src/main.c:1185:6:HAL_GPIO_EXTI_Callback	16	static
../Core/Src/main.c:1217:6:Error_Handler	4	static,ignoring_inline_asm
